global.mak
ISXEQ.sln
ISXEQClient.h
MacroQuest2-VS2012.sln
MacroQuest2.sln
macroquest2.dsw
makefile
makezip.bat
mkplugin.exe
MQ2-API.chm
MQ2Auth.exe
MQ2Plugin.h
MQ2PluginDevelopment.html
zipit.lst
Blech\Blech.h
Blech\test.cpp
Blech\test2.cpp
Blech\test3.cpp
Blech\test4.cpp
Detours\Detours from Microsoft.url
Detours\inc\detours.h
Detours\lib\detours.lib
Detours\lib\detours.pdb
Detours\lib60\detours.lib
Detours\lib60\detours.pdb
dxsdk81\readme.txt
dxsdk81\include\dinput.h
dxsdk90\readme.txt
dxsdk90\include\dinput.h
ISXEQ\isxGamesCommon.props
ISXEQ\PostBuild.bat
ISXEQ.NET\ISXEQ.cs
ISXEQ.NET\ISXEQ.NET.csproj
ISXEQ.NET\EQTypes\EQAltAbility.cs
ISXEQ.NET\EQTypes\EQArgb.cs
ISXEQ.NET\EQTypes\EQBody.cs
ISXEQ.NET\EQTypes\EQBuff.cs
ISXEQ.NET\EQTypes\EQCharacter.cs
ISXEQ.NET\EQTypes\EQClass.cs
ISXEQ.NET\EQTypes\EQCorpse.cs
ISXEQ.NET\EQTypes\EQCurrentZone.cs
ISXEQ.NET\EQTypes\EQDeity.cs
ISXEQ.NET\EQTypes\EQDynamicZone.cs
ISXEQ.NET\EQTypes\EQDZMember.cs
ISXEQ.NET\EQTypes\EQEvolvingItem.cs
ISXEQ.NET\EQTypes\EQFellowship.cs
ISXEQ.NET\EQTypes\EQFellowshipMember.cs
ISXEQ.NET\EQTypes\EQGround.cs
ISXEQ.NET\EQTypes\EQGroup.cs
ISXEQ.NET\EQTypes\EQGroupMember.cs
ISXEQ.NET\EQTypes\EQHeading.cs
ISXEQ.NET\EQTypes\EQInvSlot.cs
ISXEQ.NET\EQTypes\EQItem.cs
ISXEQ.NET\EQTypes\EQMacroQuest.cs
ISXEQ.NET\EQTypes\EQMerchant.cs
ISXEQ.NET\EQTypes\EQRace.cs
ISXEQ.NET\EQTypes\EQRaid.cs
ISXEQ.NET\EQTypes\EQRaidMember.cs
ISXEQ.NET\EQTypes\EQSkill.cs
ISXEQ.NET\EQTypes\EQSpawn.cs
ISXEQ.NET\EQTypes\EQSpell.cs
ISXEQ.NET\EQTypes\EQSwitch.cs
ISXEQ.NET\EQTypes\EQTicks.cs
ISXEQ.NET\EQTypes\EQTime.cs
ISXEQ.NET\EQTypes\EQTimer.cs
ISXEQ.NET\EQTypes\EQWindow.cs
ISXEQ.NET\EQTypes\EQZone.cs
ISXEQ.NET\Properties\AssemblyInfo.cs
ISXEQLegacy\ISXEQLegacy-VS2005.vcproj
ISXEQLegacy\ISXEQLegacy.cpp
ISXEQLegacy\ISXEQLegacy.h
ISXEQLegacy\ISXEQLegacy.vcproj
ISXEQLegacy\ISXEQLegacyEngine.cpp
ISXEQLegacy\ISXEQLegacyEngine.h
ISXEQLegacy\LegacyGlobals.cpp
memtest\makefile
memtest\orig.asm
memtest\orig1.asm
memtest\orig2.asm
memtest\orig3.asm
memtest\orig4.asm
memtest\testmem.c
mkplugin\mkplugin.cpp
mkplugin\mkplugin.vcproj
MQ2Bzsrch\makefile
MQ2Bzsrch\MQ2Bzsrch.cpp
MQ2Bzsrch\MQ2Bzsrch.dsp
MQ2Bzsrch\MQ2Bzsrch.vcproj
MQ2Bzsrch\MQ2Bzsrch.vcxproj
MQ2Bzsrch\MQ2Bzsrch.vcxproj.filters
MQ2Bzsrch\netstream.cpp
MQ2Bzsrch\netstream.h
MQ2Chat\ISXEQChat.cpp
MQ2Chat\ISXEQChat.h
MQ2Chat\ISXEQChat.vcxproj
MQ2Chat\ISXEQChat.vcxproj.filters
MQ2Chat\makefile
MQ2Chat\MQ2Chat.cpp
MQ2Chat\MQ2Chat.dep
MQ2Chat\MQ2Chat.dsp
MQ2Chat\MQ2Chat.mak
MQ2Chat\MQ2Chat.vcproj
MQ2Chat\MQ2Chat.vcxproj
MQ2Chat\MQ2Chat.vcxproj.filters
MQ2ChatWnd\ISXEQChatWnd.cpp
MQ2ChatWnd\ISXEQChatWnd.h
MQ2ChatWnd\ISXEQChatWnd.vcxproj
MQ2ChatWnd\ISXEQChatWnd.vcxproj.filters
MQ2ChatWnd\makefile
MQ2ChatWnd\MQ2ChatWnd.cpp
MQ2ChatWnd\MQ2ChatWnd.dep
MQ2ChatWnd\MQ2ChatWnd.dsp
MQ2ChatWnd\MQ2ChatWnd.mak
MQ2ChatWnd\MQ2ChatWnd.vcproj
MQ2ChatWnd\MQ2ChatWnd.vcxproj
MQ2ChatWnd\MQ2ChatWnd.vcxproj.filters
MQ2CustomBinds\ISXEQCustomBinds.cpp
MQ2CustomBinds\ISXEQCustomBinds.h
MQ2CustomBinds\ISXEQCustomBinds.vcxproj
MQ2CustomBinds\ISXEQCustomBinds.vcxproj.filters
MQ2CustomBinds\makefile
MQ2CustomBinds\MQ2CustomBinds.cpp
MQ2CustomBinds\MQ2CustomBinds.dep
MQ2CustomBinds\MQ2CustomBinds.dsp
MQ2CustomBinds\MQ2CustomBinds.mak
MQ2CustomBinds\MQ2CustomBinds.vcproj
MQ2CustomBinds\MQ2CustomBinds.vcxproj
MQ2CustomBinds\MQ2CustomBinds.vcxproj.filters
MQ2EQBugFix\makefile
MQ2EQBugFix\MQ2EQBugFix.cpp
MQ2EQBugFix\MQ2EQBugFix.dep
MQ2EQBugFix\MQ2EQBugFix.dsp
MQ2EQBugFix\MQ2EQBugFix.mak
MQ2EQBugFix\MQ2EQBugFix.vcproj
MQ2EQBugFix\MQ2EQBugFix.vcxproj
MQ2EQBugFix\MQ2EQBugFix.vcxproj.filters
MQ2EQIM\ISXEQEQIM.cpp
MQ2EQIM\ISXEQEQIM.h
MQ2EQIM\ISXEQEQIM.vcxproj
MQ2EQIM\ISXEQEQIM.vcxproj.filters
MQ2EQIM\makefile
MQ2EQIM\MQ2EQIM.cpp
MQ2EQIM\MQ2EQIM.dep
MQ2EQIM\MQ2EQIM.dsp
MQ2EQIM\MQ2EQIM.mak
MQ2EQIM\MQ2EQIM.vcproj
MQ2EQIM\MQ2EQIM.vcxproj
MQ2EQIM\MQ2EQIM.vcxproj.filters
MQ2Ext\exts.c
MQ2Ext\exts2.cpp
MQ2Ext\makefile
MQ2Ext\MQ2Ext.vcproj
MQ2Ext\mqext.c
MQ2Ext\mqext.def
MQ2Ext\mqext.h
MQ2Ext\mqext.rc
MQ2Ext\resource.h
MQ2Ext\test.cpp
MQ2Ext\WDbgExts.h
MQ2HUD\makefile
MQ2HUD\MQ2HUD.cpp
MQ2HUD\MQ2HUD.dep
MQ2HUD\MQ2HUD.dsp
MQ2HUD\MQ2HUD.mak
MQ2HUD\MQ2HUD.vcproj
MQ2HUD\MQ2HUD.vcxproj
MQ2HUD\MQ2HUD.vcxproj.filters
MQ2Irc\makefile
MQ2Irc\MQ2Irc.cpp
MQ2Irc\MQ2Irc.dep
MQ2Irc\MQ2Irc.dsp
MQ2Irc\MQ2Irc.mak
MQ2Irc\MQ2Irc.vcproj
MQ2Irc\MQ2Irc.vcxproj
MQ2Irc\MQ2Irc.vcxproj.filters
MQ2Irc\mqirc.h
MQ2ItemDisplay\ISXEQItemDisplay.cpp
MQ2ItemDisplay\ISXEQItemDisplay.h
MQ2ItemDisplay\ISXEQItemDisplay.vcxproj
MQ2ItemDisplay\ISXEQItemDisplay.vcxproj.filters
MQ2ItemDisplay\makefile
MQ2ItemDisplay\MQ2ItemDisplay.cpp
MQ2ItemDisplay\MQ2ItemDisplay.dep
MQ2ItemDisplay\MQ2ItemDisplay.dsp
MQ2ItemDisplay\MQ2ItemDisplay.mak
MQ2ItemDisplay\MQ2ItemDisplay.vcproj
MQ2ItemDisplay\MQ2ItemDisplay.vcxproj
MQ2ItemDisplay\MQ2ItemDisplay.vcxproj.filters
MQ2Labels\ISXEQLabels.cpp
MQ2Labels\ISXEQLabels.h
MQ2Labels\ISXEQLabels.vcxproj
MQ2Labels\ISXEQLabels.vcxproj.filters
MQ2Labels\makefile
MQ2Labels\MQ2Labels.cpp
MQ2Labels\MQ2Labels.dep
MQ2Labels\MQ2Labels.dsp
MQ2Labels\MQ2Labels.mak
MQ2Labels\MQ2Labels.vcproj
MQ2Labels\MQ2Labels.vcxproj
MQ2Labels\MQ2Labels.vcxproj.filters
MQ2Main\actordef.h
MQ2Main\combines.h
MQ2Main\dikeys.h
MQ2Main\EQClasses.cpp
MQ2Main\EQClasses.h
MQ2Main\EQData.h
MQ2Main\eqgame.h
MQ2Main\EQUIStructs.h
MQ2Main\EQData(Test).h
MQ2Main\eqgame(Test).h
MQ2Main\EQUIStructs(Test).h
MQ2Main\EQData(Beta).h
MQ2Main\eqgame(Beta).h
MQ2Main\EQUIStructs(Beta).h
MQ2Main\ISXEQ.vcxproj
MQ2Main\ISXEQ.vcxproj.filters
MQ2Main\itemtypes.h
MQ2Main\makefile
MQ2Main\MQ2Auth.cpp
MQ2Main\MQ2Benchmarks.cpp
MQ2Main\MQ2ChatHook.cpp
MQ2Main\MQ2CleanUI.cpp
MQ2Main\MQ2CommandAPI.cpp
MQ2Main\MQ2Commands.cpp
MQ2Main\MQ2Commands.h
MQ2Main\MQ2Data.cpp
MQ2Main\MQ2DataAPI.cpp
MQ2Main\DataTypeList.h
MQ2Main\MQ2DataTypes.cpp
MQ2Main\MQ2DataTypes.h
MQ2Main\MQ2DataVars.cpp
MQ2Main\MQ2DetourAPI.cpp
MQ2Main\MQ2DInput.cpp
MQ2Main\MQ2Globals.cpp
MQ2Main\MQ2Globals-private_default.cpp
MQ2Main\MQ2Globals.h
MQ2Main\MQ2Globals-private_default.h
MQ2Main\MQ2Inlines.h
MQ2Main\MQ2Internal.h
MQ2Main\MQ2KeyBinds.cpp
MQ2Main\MQ2MacroCommands.cpp
MQ2Main\MQ2Main.cpp
MQ2Main\MQ2Main.dep
MQ2Main\MQ2Main.dsp
MQ2Main\MQ2Main.h
MQ2Main\MQ2Main.mak
MQ2Main\MQ2Main.vcproj
MQ2Main\MQ2Main.vcxproj
MQ2Main\MQ2Main.vcxproj.filters
MQ2Main\MQ2Mouse.cpp
MQ2Main\MQ2ParseAPI.cpp
MQ2Main\MQ2PluginHandler.cpp
MQ2Main\MQ2Prototypes.h
MQ2Main\MQ2Pulse.cpp
MQ2Main\MQ2Spawns.cpp
MQ2Main\MQ2TopLevelObjects.h
MQ2Main\MQ2Utilities.cpp
MQ2Main\MQ2Windows.cpp
MQ2Main\ReadMe.txt
MQ2Main\skills.h
MQ2Main\SpellEffects.h
MQ2Main\str_com
MQ2Main\ISXEQ\ISXEQ.cpp
MQ2Main\ISXEQ\ISXEQ.h
MQ2Main\ISXEQ\ISXEQCommandAPI.cpp
MQ2Main\ISXEQ\ISXEQCommandList.h
MQ2Main\ISXEQ\ISXEQCommands.cpp
MQ2Main\ISXEQ\ISXEQCommands.h
MQ2Main\ISXEQ\ISXEQDataTypes.cpp
MQ2Main\ISXEQ\ISXEQDataTypes.h
MQ2Main\ISXEQ\ISXEQServices.cpp
MQ2Main\ISXEQ\ISXEQServices.h
MQ2Main\ISXEQ\ISXEQTopLevelObjects.cpp
MQ2Main\ISXEQ\ISXEQTopLevelObjects.h
MQ2Main\ISXEQ\ISXEQUtilities.cpp
MQ2Main\ISXEQ\ISXEQUtilities.h
MQ2Main\str_com\pchar.cpp
MQ2Main\str_com\pchar2.cpp
MQ2Main\str_com\pspawn.cpp
MQ2Map\ISXEQMap.cpp
MQ2Map\ISXEQMap.h
MQ2Map\ISXEQMap.vcxproj
MQ2Map\ISXEQMap.vcxproj.filters
MQ2Map\ISXEQMapCommands.cpp
MQ2Map\makefile
MQ2Map\MQ2Map.cpp
MQ2Map\MQ2Map.dep
MQ2Map\MQ2Map.dsp
MQ2Map\MQ2Map.h
MQ2Map\MQ2Map.mak
MQ2Map\MQ2Map.vcproj
MQ2Map\MQ2Map.vcxproj
MQ2Map\MQ2Map.vcxproj.filters
MQ2Map\MQ2MapAPI.cpp
MQ2Map\MQ2MapCommands.cpp
mq2telnet\ISXEQTelnet.cpp
mq2telnet\ISXEQTelnet.h
mq2telnet\ISXEQTelnet.vcxproj
mq2telnet\ISXEQTelnet.vcxproj.filters
mq2telnet\makefile
mq2telnet\mq2telnet.cpp
mq2telnet\mq2telnet.dep
mq2telnet\mq2telnet.dsp
mq2telnet\mq2telnet.mak
mq2telnet\mq2telnet.vcproj
mq2telnet\mq2telnet.vcxproj
mq2telnet\mq2telnet.vcxproj.filters
mq2telnet\Telnet.h
mq2telnet\TelnetServer.cpp
mq2telnet\TelnetServer.h
mq2telnet\WinTelnet.cpp
mq2telnet\WinTelnet.h
MQ2Template\ISXEQTemplate.cpp
MQ2Template\ISXEQTemplate.h
MQ2Template\ISXEQTemplate.vcxproj
MQ2Template\ISXEQTemplate.vcxproj.filters
MQ2Template\makefile
MQ2Template\MQ2Template.cpp
MQ2Template\MQ2Template.dep
MQ2Template\MQ2Template.dsp
MQ2Template\MQ2Template.mak
MQ2Template\MQ2Template.vcproj
MQ2Template\ReadMe.txt
Release\Changes-ISXEQ.txt
Release\Changes.txt
Release\readme.chm
Release\GPL.txt
Release\ItemDB.txt
Release\locations.txt
Release\MacroQuest_default.ini
Release\MacroQuest2.exe
Release\Macros\ArrayTest.mac
Release\Macros\Arrows.mac
Release\Macros\Cams.mac
Release\Macros\DoorTests.mac
Release\Macros\EventTest.mac
Release\Macros\Fish.mac
Release\Macros\Follow.mac
Release\Macros\Inventory.mac
Release\Macros\ShowBonuses.mac
Release\Macros\uservarstest.mac