extra.mak
global.mak
macroquest2.dsw
MacroQuest2.sln
makefile
makezip.bat
mkplugin.exe
MQ2-API.chm
MQ2Auth.exe
MQ2Plugin.h
MQ2PluginDevelopment.html
readme.chm
zipit.lst
Blech\Blech.h
Detours\Detours from Microsoft.url
Detours\inc\detours.h
Detours\lib\detours.lib
Detours\lib\detours.pdb
Detours\lib60\detours.lib
Detours\lib60\detours.pdb
dxsdk81\readme.txt
dxsdk81\include\dinput.h
dxsdk90\readme.txt
dxsdk90\include\dinput.h
mkplugin\mkplugin.cpp
mkplugin\mkplugin.vcproj
MQ2Bzsrch\makefile
MQ2Bzsrch\MQ2Bzsrch.cpp
MQ2Bzsrch\MQ2Bzsrch.dsp
MQ2Bzsrch\MQ2Bzsrch.vcproj
MQ2Chat\makefile
MQ2Chat\MQ2Chat.cpp
MQ2Chat\MQ2Chat.dep
MQ2Chat\MQ2Chat.dsp
MQ2Chat\MQ2Chat.mak
MQ2Chat\MQ2Chat.vcproj
MQ2ChatWnd\makefile
MQ2ChatWnd\MQ2ChatWnd.cpp
MQ2ChatWnd\MQ2ChatWnd.dep
MQ2ChatWnd\MQ2ChatWnd.dsp
MQ2ChatWnd\MQ2ChatWnd.mak
MQ2ChatWnd\MQ2ChatWnd.vcproj
MQ2CustomBinds\makefile
MQ2CustomBinds\MQ2CustomBinds.cpp
MQ2CustomBinds\MQ2CustomBinds.dep
MQ2CustomBinds\MQ2CustomBinds.dsp
MQ2CustomBinds\MQ2CustomBinds.mak
MQ2CustomBinds\MQ2CustomBinds.vcproj
MQ2EQBugFix\makefile
MQ2EQBugFix\MQ2EQBugFix.cpp
MQ2EQBugFix\MQ2EQBugFix.dep
MQ2EQBugFix\MQ2EQBugFix.dsp
MQ2EQBugFix\MQ2EQBugFix.mak
MQ2EQBugFix\MQ2EQBugFix.vcproj
MQ2EQIM\makefile
MQ2EQIM\MQ2EQIM.cpp
MQ2EQIM\MQ2EQIM.dep
MQ2EQIM\MQ2EQIM.dsp
MQ2EQIM\MQ2EQIM.mak
MQ2EQIM\MQ2EQIM.vcproj
MQ2Ext\exts.c
MQ2Ext\exts2.cpp
MQ2Ext\makefile
MQ2Ext\MQ2Ext.vcproj
MQ2Ext\mqext.c
MQ2Ext\mqext.def
MQ2Ext\mqext.h
MQ2Ext\mqext.rc
MQ2Ext\resource.h
MQ2Ext\test.cpp
MQ2Ext\WDbgExts.h
MQ2FPS\makefile
MQ2FPS\MQ2FPS.cpp
MQ2FPS\MQ2FPS.dep
MQ2FPS\MQ2FPS.dsp
MQ2FPS\MQ2FPS.h
MQ2FPS\MQ2FPS.mak
MQ2FPS\MQ2FPS.vcproj
MQ2HUD\makefile
MQ2HUD\MQ2HUD.cpp
MQ2HUD\MQ2HUD.dep
MQ2HUD\MQ2HUD.dsp
MQ2HUD\MQ2HUD.mak
MQ2HUD\MQ2HUD.vcproj
MQ2Irc\makefile
MQ2Irc\MQ2Irc.cpp
MQ2Irc\MQ2Irc.dep
MQ2Irc\MQ2Irc.dsp
MQ2Irc\MQ2Irc.mak
MQ2Irc\MQ2Irc.vcproj
MQ2Irc\mqirc.h
MQ2ItemDisplay\makefile
MQ2ItemDisplay\MQ2ItemDisplay.cpp
MQ2ItemDisplay\MQ2ItemDisplay.dep
MQ2ItemDisplay\MQ2ItemDisplay.dsp
MQ2ItemDisplay\MQ2ItemDisplay.mak
MQ2ItemDisplay\MQ2ItemDisplay.vcproj
MQ2Labels\makefile
MQ2Labels\MQ2Labels.cpp
MQ2Labels\MQ2Labels.dep
MQ2Labels\MQ2Labels.dsp
MQ2Labels\MQ2Labels.mak
MQ2Labels\MQ2Labels.vcproj
MQ2Main\combines.h
MQ2Main\dikeys.h
MQ2Main\EQClasses.cpp
MQ2Main\EQClasses.h
MQ2Main\EQData.h
MQ2Main\eqgame.h
MQ2Main\EQUIStructs.h
MQ2Main\grounds.h
MQ2Main\itemtypes.h
MQ2Main\makefile
MQ2Main\MQ2Auth.cpp
MQ2Main\MQ2Benchmarks.cpp
MQ2Main\MQ2ChatHook.cpp
MQ2Main\MQ2CleanUI.cpp
MQ2Main\MQ2CommandAPI.cpp
MQ2Main\MQ2Commands.cpp
MQ2Main\MQ2Data.cpp
MQ2Main\MQ2DataAPI.cpp
MQ2Main\MQ2DataTypes.cpp
MQ2Main\MQ2DataTypes.h
MQ2Main\MQ2DataVars.cpp
MQ2Main\MQ2DetourAPI.cpp
MQ2Main\MQ2DInput.cpp
MQ2Main\MQ2Globals.cpp
MQ2Main\MQ2Globals.h
MQ2Main\MQ2Inlines.h
MQ2Main\MQ2Internal.h
MQ2Main\MQ2KeyBinds.cpp
MQ2Main\MQ2MacroCommands.cpp
MQ2Main\MQ2Main.cpp
MQ2Main\MQ2Main.dep
MQ2Main\MQ2Main.dsp
MQ2Main\MQ2Main.h
MQ2Main\MQ2Main.mak
MQ2Main\MQ2Main.vcproj
MQ2Main\MQ2Mouse.cpp
MQ2Main\MQ2ParseAPI.cpp
MQ2Main\MQ2PluginHandler.cpp
MQ2Main\MQ2Prototypes.h
MQ2Main\MQ2Pulse.cpp
MQ2Main\MQ2Spawns.cpp
MQ2Main\MQ2Utilities.cpp
MQ2Main\MQ2Windows.cpp
MQ2Main\ReadMe.txt
MQ2Main\skills.h
MQ2Main\weapons.h
MQ2Map\makefile
MQ2Map\MQ2Map.cpp
MQ2Map\MQ2Map.dep
MQ2Map\MQ2Map.dsp
MQ2Map\MQ2Map.h
MQ2Map\MQ2Map.mak
MQ2Map\MQ2Map.vcproj
MQ2Map\MQ2MapAPI.cpp
MQ2Map\MQ2MapCommands.cpp
mq2telnet\makefile
mq2telnet\mq2telnet.cpp
mq2telnet\mq2telnet.dep
mq2telnet\mq2telnet.dsp
mq2telnet\mq2telnet.mak
mq2telnet\mq2telnet.vcproj
mq2telnet\Telnet.h
mq2telnet\TelnetServer.cpp
mq2telnet\TelnetServer.h
mq2telnet\WinTelnet.cpp
mq2telnet\WinTelnet.h
MQ2Template\makefile
MQ2Template\MQ2Template.cpp
MQ2Template\MQ2Template.dep
MQ2Template\MQ2Template.dsp
MQ2Template\MQ2Template.mak
MQ2Template\MQ2Template.vcproj
MQ2Template\ReadMe.txt
Release\bmpwad8.s3d
Release\Changes.txt
Release\GPL.txt
Release\ItemDB.txt
Release\locations.txt
Release\MacroQuest.ini
Release\MacroQuest2.exe
Release\mq2telnet.ini
Release\Macros\ArrayTest.mac
Release\Macros\Arrows.mac
Release\Macros\Cams.mac
Release\Macros\DoorTests.mac
Release\Macros\EventTest.mac
Release\Macros\Fish.mac
Release\Macros\Follow.mac
Release\Macros\Hero.mac
Release\Macros\Info.mac
Release\Macros\Inventory.mac
Release\Macros\Kiola.mac
Release\Macros\RandFollow.mac
Release\Macros\routines.mac
Release\Macros\TestNewStuff.mac
Release\Macros\uservarstest.mac
