.gitignore
ISXEQ.sln
ISXEQClient.h
MacroQuest2.sln
makezip.bat
mkplugin.exe
moveitem.h
moveitem2.h
MQ2-API.chm
MQ2Auth.exe
MQ2Plugin.h
MQ2PluginDevelopment.html
Plugin.Debug.ISXEQ.props
Plugin.Debug.props
Plugin.Release.ISXEQ.props
Plugin.Release.props
zipit.lst
Blech\Blech.h
Detours\Detours from Microsoft.url
Detours\inc\detours.h
Detours\lib\detours.lib
Detours\lib\detours.pdb
dxsdk90\readme.txt
dxsdk90\include\dinput.h
ISXDK\35\bin\mkisx.exe
ISXDK\35\bin\Struct2LSType.exe
ISXDK\35\doc\ISXDK.txt
ISXDK\35\include\ColumnRenderer.h
ISXDK\35\include\FileList.h
ISXDK\35\include\Index.h
ISXDK\35\include\ISInterface.h
ISXDK\35\include\ISUI
ISXDK\35\include\ISXDK.h
ISXDK\35\include\ISXInterface.h
ISXDK\35\include\LavishScript
ISXDK\35\include\Queue.h
ISXDK\35\include\Services.h
ISXDK\35\include\Threading.h
ISXDK\35\include\utf8string.h
ISXDK\35\include\WinThreading.h
ISXDK\35\include\ISUI\LGUI.h
ISXDK\35\include\ISUI\LGUIButton.h
ISXDK\35\include\ISUI\LGUICheckBox.h
ISXDK\35\include\ISUI\LGUIComboBox.h
ISXDK\35\include\ISUI\LGUICommandButton.h
ISXDK\35\include\ISUI\LGUICommandCheckBox.h
ISXDK\35\include\ISUI\LGUICommandEntry.h
ISXDK\35\include\ISUI\LGUIConsole.h
ISXDK\35\include\ISUI\LGUIContextMenu.h
ISXDK\35\include\ISUI\LGUIElement.h
ISXDK\35\include\ISUI\LGUIEmbeddedScript.h
ISXDK\35\include\ISUI\LGUIFont.h
ISXDK\35\include\ISUI\LGUIFrame.h
ISXDK\35\include\ISUI\LGUIGauge.h
ISXDK\35\include\ISUI\LGUIHudElement.h
ISXDK\35\include\ISUI\LGUIListBox.h
ISXDK\35\include\ISUI\LGUIManager.h
ISXDK\35\include\ISUI\LGUIMap.h
ISXDK\35\include\ISUI\LGUIMessageBox.h
ISXDK\35\include\ISUI\LGUIScreen.h
ISXDK\35\include\ISUI\LGUIScrollBar.h
ISXDK\35\include\ISUI\LGUISlider.h
ISXDK\35\include\ISUI\LGUITabControl.h
ISXDK\35\include\ISUI\LGUITable.h
ISXDK\35\include\ISUI\LGUIText.h
ISXDK\35\include\ISUI\LGUITextEdit.h
ISXDK\35\include\ISUI\LGUITextEntry.h
ISXDK\35\include\ISUI\LGUITexture.h
ISXDK\35\include\ISUI\LGUITooltip.h
ISXDK\35\include\ISUI\LGUITree.h
ISXDK\35\include\ISUI\LGUIVariableGauge.h
ISXDK\35\include\ISUI\LGUIVariableSlider.h
ISXDK\35\include\ISUI\LGUIWindow.h
ISXDK\35\include\LavishScript\LavishScript.h
ISXDK\35\include\LavishScript\LSSTLTypes.h
ISXDK\35\include\LavishScript\LSType.h
ISXDK\35\lib\vs14\ISUI.lib
ISXDK\35\lib\vs14\ISUI_md.lib
ISXDK\35\lib\vs14\ISXDK.lib
ISXDK\35\lib\vs14\ISXDK_md.lib
ISXDK\35\lib64\vs14\ISUI.lib
ISXDK\35\lib64\vs14\ISUI_md.lib
ISXDK\35\lib64\vs14\ISXDK.lib
ISXDK\35\lib64\vs14\ISXDK_md.lib
ISXDK\35\samples\ISXFullTemplate
ISXDK\35\samples\ISXFullTemplate\Commands.cpp
ISXDK\35\samples\ISXFullTemplate\Commands.h
ISXDK\35\samples\ISXFullTemplate\DataTypeList.h
ISXDK\35\samples\ISXFullTemplate\DataTypes.cpp
ISXDK\35\samples\ISXFullTemplate\DataTypes.h
ISXDK\35\samples\ISXFullTemplate\ISXFullTemplate.cpp
ISXDK\35\samples\ISXFullTemplate\ISXFullTemplate.h
ISXDK\35\samples\ISXFullTemplate\ISXFullTemplate.vcproj
ISXDK\35\samples\ISXFullTemplate\ISXFullTemplateServices.h
ISXDK\35\samples\ISXFullTemplate\LGUIFullTemplateFrame.cpp
ISXDK\35\samples\ISXFullTemplate\LGUIFullTemplateFrame.h
ISXDK\35\samples\ISXFullTemplate\Services.cpp
ISXDK\35\samples\ISXFullTemplate\Services.h
ISXDK\35\samples\ISXFullTemplate\TopLevelObjects.cpp
ISXDK\35\samples\ISXFullTemplate\TopLevelObjects.h
ISXEQ\isxGamesCommon.props
ISXEQ\PostBuild.bat
ISXEQ.NET\ISXEQ.cs
ISXEQ.NET\ISXEQ.NET.csproj
ISXEQ.NET\EQTypes\EQAltAbility.cs
ISXEQ.NET\EQTypes\EQArgb.cs
ISXEQ.NET\EQTypes\EQBody.cs
ISXEQ.NET\EQTypes\EQBuff.cs
ISXEQ.NET\EQTypes\EQCharacter.cs
ISXEQ.NET\EQTypes\EQClass.cs
ISXEQ.NET\EQTypes\EQCorpse.cs
ISXEQ.NET\EQTypes\EQCurrentZone.cs
ISXEQ.NET\EQTypes\EQDeity.cs
ISXEQ.NET\EQTypes\EQDynamicZone.cs
ISXEQ.NET\EQTypes\EQDZMember.cs
ISXEQ.NET\EQTypes\EQEvolvingItem.cs
ISXEQ.NET\EQTypes\EQFellowship.cs
ISXEQ.NET\EQTypes\EQFellowshipMember.cs
ISXEQ.NET\EQTypes\EQGround.cs
ISXEQ.NET\EQTypes\EQGroup.cs
ISXEQ.NET\EQTypes\EQGroupMember.cs
ISXEQ.NET\EQTypes\EQHeading.cs
ISXEQ.NET\EQTypes\EQInvSlot.cs
ISXEQ.NET\EQTypes\EQItem.cs
ISXEQ.NET\EQTypes\EQMacroQuest.cs
ISXEQ.NET\EQTypes\EQMerchant.cs
ISXEQ.NET\EQTypes\EQRace.cs
ISXEQ.NET\EQTypes\EQRaid.cs
ISXEQ.NET\EQTypes\EQRaidMember.cs
ISXEQ.NET\EQTypes\EQSkill.cs
ISXEQ.NET\EQTypes\EQSpawn.cs
ISXEQ.NET\EQTypes\EQSpell.cs
ISXEQ.NET\EQTypes\EQSwitch.cs
ISXEQ.NET\EQTypes\EQTicks.cs
ISXEQ.NET\EQTypes\EQTime.cs
ISXEQ.NET\EQTypes\EQTimer.cs
ISXEQ.NET\EQTypes\EQWindow.cs
ISXEQ.NET\EQTypes\EQZone.cs
ISXEQ.NET\Properties\AssemblyInfo.cs
ISXEQLegacy\ISXEQLegacy.cpp
ISXEQLegacy\ISXEQLegacy.h
ISXEQLegacy\ISXEQLegacy.vcxproj
ISXEQLegacy\ISXEQLegacy.vcxproj.filters
ISXEQLegacy\ISXEQLegacyEngine.cpp
ISXEQLegacy\ISXEQLegacyEngine.h
ISXEQLegacy\LegacyGlobals.cpp
mkplugin\mkplugin.cpp
mkplugin\mkplugin.vcxproj
mkplugin\mkplugin.vcxproj.filters
MQ2AutoLogin\MQ2AutoLogin.cpp
MQ2AutoLogin\MQ2AutoLogin.vcxproj
MQ2AutoLogin\MQ2AutoLogin.vcxproj.filters
MQ2Bzsrch\MQ2Bzsrch.cpp
MQ2Bzsrch\MQ2Bzsrch.vcxproj
MQ2Bzsrch\MQ2Bzsrch.vcxproj.filters
MQ2Bzsrch\netstream.cpp
MQ2Bzsrch\netstream.h
MQ2Chat\ISXEQChat.cpp
MQ2Chat\ISXEQChat.h
MQ2Chat\ISXEQChat.vcxproj
MQ2Chat\ISXEQChat.vcxproj.filters
MQ2Chat\MQ2Chat.cpp
MQ2Chat\MQ2Chat.vcxproj
MQ2Chat\MQ2Chat.vcxproj.filters
MQ2ChatWnd\ISXEQChatWnd.cpp
MQ2ChatWnd\ISXEQChatWnd.h
MQ2ChatWnd\ISXEQChatWnd.vcxproj
MQ2ChatWnd\ISXEQChatWnd.vcxproj.filters
MQ2ChatWnd\MQ2ChatWnd.cpp
MQ2ChatWnd\MQ2ChatWnd.vcxproj
MQ2ChatWnd\MQ2ChatWnd.vcxproj.filters
MQ2CustomBinds\ISXEQCustomBinds.cpp
MQ2CustomBinds\ISXEQCustomBinds.h
MQ2CustomBinds\ISXEQCustomBinds.vcxproj
MQ2CustomBinds\ISXEQCustomBinds.vcxproj.filters
MQ2CustomBinds\MQ2CustomBinds.cpp
MQ2CustomBinds\MQ2CustomBinds.vcxproj
MQ2CustomBinds\MQ2CustomBinds.vcxproj.filters
MQ2EQBugFix\MQ2EQBugFix.cpp
MQ2EQBugFix\MQ2EQBugFix.vcxproj
MQ2EQBugFix\MQ2EQBugFix.vcxproj.filters
MQ2EQIM\ISXEQEQIM.cpp
MQ2EQIM\ISXEQEQIM.h
MQ2EQIM\ISXEQEQIM.vcxproj
MQ2EQIM\ISXEQEQIM.vcxproj.filters
MQ2EQIM\MQ2EQIM.cpp
MQ2EQIM\MQ2EQIM.vcxproj
MQ2EQIM\MQ2EQIM.vcxproj.filters
MQ2HUD\MQ2HUD.cpp
MQ2HUD\MQ2HUD.vcxproj
MQ2HUD\MQ2HUD.vcxproj.filters
MQ2Irc\MQ2Irc.cpp
MQ2Irc\MQ2Irc.vcxproj
MQ2Irc\MQ2Irc.vcxproj.filters
MQ2Irc\mqirc.h
MQ2ItemDisplay\ISXEQItemDisplay.cpp
MQ2ItemDisplay\ISXEQItemDisplay.h
MQ2ItemDisplay\ISXEQItemDisplay.vcxproj
MQ2ItemDisplay\ISXEQItemDisplay.vcxproj.filters
MQ2ItemDisplay\MQ2ItemDisplay.cpp
MQ2ItemDisplay\resource.h
MQ2ItemDisplay\MQUI_CompareTipWnd.xml
MQ2ItemDisplay\MQ2ItemDisplay.rc
MQ2ItemDisplay\MQ2ItemDisplay.vcxproj
MQ2ItemDisplay\MQ2ItemDisplay.vcxproj.filters
MQ2Labels\ISXEQLabels.cpp
MQ2Labels\ISXEQLabels.h
MQ2Labels\ISXEQLabels.vcxproj
MQ2Labels\ISXEQLabels.vcxproj.filters
MQ2Labels\MQ2Labels.cpp
MQ2Labels\MQ2Labels.vcxproj
MQ2Labels\MQ2Labels.vcxproj.filters
MQ2Main\actordef.h
MQ2Main\Arrayclass.h
MQ2Main\DebugHandler.h
MQ2Main\SharedClasses.h
MQ2Main\combines.h
MQ2Main\dikeys.h
MQ2Main\EQClasses.cpp
MQ2Main\EQClasses.h
MQ2Main\EQData.h
MQ2Main\eqgame.h
MQ2Main\EQUIStructs.h
MQ2Main\EQData(Test).h
MQ2Main\eqgame(Test).h
MQ2Main\EQUIStructs(Test).h
MQ2Main\EQData(Beta).h
MQ2Main\eqgame(Beta).h
MQ2Main\EQUIStructs(Beta).h
MQ2Main\ISXEQ.vcxproj
MQ2Main\ISXEQ.vcxproj.filters
MQ2Main\itemtypes.h
MQ2Main\MQ2Auth.cpp
MQ2Main\MQ2Benchmarks.cpp
MQ2Main\MQ2ChatHook.cpp
MQ2Main\MQ2CleanUI.cpp
MQ2Main\MQ2CommandAPI.cpp
MQ2Main\MQ2Commands.cpp
MQ2Main\MQ2Commands.h
MQ2Main\MQ2Data.cpp
MQ2Main\MQ2DataAPI.cpp
MQ2Main\DataTypeList.h
MQ2Main\MQ2DataTypes.cpp
MQ2Main\MQ2DataTypes.h
MQ2Main\MQ2DataVars.cpp
MQ2Main\MQ2DetourAPI.cpp
MQ2Main\MQ2DInput.cpp
MQ2Main\MQ2Globals.cpp
MQ2Main\MQ2Globals-private_default.cpp
MQ2Main\MQ2Globals.h
MQ2Main\MQ2Globals-private_default.h
MQ2Main\MQ2Inlines.h
MQ2Main\MQ2Internal.h
MQ2Main\MQ2KeyBinds.cpp
MQ2Main\MQ2MacroCommands.cpp
MQ2Main\MQ2Main.cpp
MQ2Main\MQ2Main.h
MQ2Main\resource.h
MQ2Main\MQ2Main.rc
MQ2Main\MQ2Main.vcxproj
MQ2Main\MQ2Main.vcxproj.filters
MQ2Main\MQ2Mouse.cpp
MQ2Main\MQ2ParseAPI.cpp
MQ2Main\MQ2PluginHandler.cpp
MQ2Main\MQ2Prototypes.h
MQ2Main\MQ2Pulse.cpp
MQ2Main\MQ2Spawns.cpp
MQ2Main\MQ2TopLevelObjects.h
MQ2Main\MQ2Utilities.cpp
MQ2Main\MQ2Windows.cpp
MQ2Main\resource.h
MQ2Main\skills.h
MQ2Main\SpellEffects.h
MQ2Main\factionnames.h
MQ2Main\ISXEQ\ISXEQ.cpp
MQ2Main\ISXEQ\ISXEQ.h
MQ2Main\ISXEQ\ISXEQCommandAPI.cpp
MQ2Main\ISXEQ\ISXEQCommandList.h
MQ2Main\ISXEQ\ISXEQCommands.cpp
MQ2Main\ISXEQ\ISXEQCommands.h
MQ2Main\ISXEQ\ISXEQDataTypes.cpp
MQ2Main\ISXEQ\ISXEQDataTypes.h
MQ2Main\ISXEQ\ISXEQServices.cpp
MQ2Main\ISXEQ\ISXEQServices.h
MQ2Main\ISXEQ\ISXEQTopLevelObjects.cpp
MQ2Main\ISXEQ\ISXEQTopLevelObjects.h
MQ2Main\ISXEQ\ISXEQUtilities.cpp
MQ2Main\ISXEQ\ISXEQUtilities.h
MQ2Map\ISXEQMap.cpp
MQ2Map\ISXEQMap.h
MQ2Map\ISXEQMap.vcxproj
MQ2Map\ISXEQMap.vcxproj.filters
MQ2Map\ISXEQMapCommands.cpp
MQ2Map\MQ2Map.cpp
MQ2Map\MQ2Map.h
MQ2Map\MQ2Map.vcxproj
MQ2Map\MQ2Map.vcxproj.filters
MQ2Map\MQ2MapAPI.cpp
MQ2Map\MQ2MapCommands.cpp
MQ2TargetInfo\db1.bin
MQ2TargetInfo\LocalDB.h
MQ2TargetInfo\MQ2TargetInfo.cpp
MQ2TargetInfo\MQ2TargetInfo.rc
MQ2TargetInfo\resource.h
MQ2TargetInfo\MQ2TargetInfo.ini
MQ2TargetInfo\MQ2TargetInfo.vcxproj
MQ2TargetInfo\MQ2TargetInfo.vcxproj.filters
mq2telnet\ISXEQTelnet.cpp
mq2telnet\ISXEQTelnet.h
mq2telnet\ISXEQTelnet.vcxproj
mq2telnet\ISXEQTelnet.vcxproj.filters
mq2telnet\mq2telnet.cpp
mq2telnet\mq2telnet.vcxproj
mq2telnet\mq2telnet.vcxproj.filters
mq2telnet\Telnet.h
mq2telnet\TelnetServer.cpp
mq2telnet\TelnetServer.h
mq2telnet\WinTelnet.cpp
mq2telnet\WinTelnet.h
MQ2Template\ISXEQTemplate.cpp
MQ2Template\ISXEQTemplate.h
MQ2Template\ISXEQTemplate.vcxproj
MQ2Template\ISXEQTemplate.vcxproj.filters
MQ2Template\MQ2Template.cpp
MQ2Template\MQ2Template.vcxproj
MQ2Template\MQ2Template.vcxproj.filters
MQ2Template\ReadMe.txt
Release\MQ2Ic.dll
Release\Changes-ISXEQ.txt
Release\Changes.txt
Release\readme.chm
Release\GPL.txt
Release\ItemDB.txt
Release\locations.txt
Release\MacroQuest_default.ini
Release\MacroQuest2.exe
Release\Macros\ArrayTest.mac
Release\Macros\Arrows.mac
Release\Macros\Cams.mac
Release\Macros\DoorTests.mac
Release\Macros\EventTest.mac
Release\Macros\Fish.mac
Release\Macros\Follow.mac
Release\Macros\Inventory.mac
Release\Macros\ShowBonuses.mac
Release\Macros\uservarstest.mac
